шард 3/6: элементов 32 из 191
[1/32] empa__ccid000006: RMSE 57.7 мВ, якорь nmc_Mohtat2020, 242 с (всего 243 с)
[2/32] empa__ccid000016: RMSE 124.2 мВ, якорь nmc_Mohtat2020, 247 с (всего 249 с)
[3/32] empa__ccid000023: RMSE 98.3 мВ, якорь nmc_Mohtat2020, 260 с (всего 262 с)
[4/32] empa__ccid000030: RMSE 137.2 мВ, якорь nmc_Mohtat2020, 231 с (всего 232 с)
[5/32] empa__ccid000036: RMSE 50.9 мВ, якорь nmc811_Chen2020, 302 с (всего 305 с)
[6/32] empa__ccid000042: RMSE 58.8 мВ, якорь lfp_Prada2013, 353 с (всего 355 с)
[7/32] empa__ccid000050: RMSE 144.9 мВ, якорь lco_Ai2020, 258 с (всего 259 с)
[8/32] empa__ccid000056: RMSE 166.4 мВ, якорь lco_Ai2020, 290 с (всего 292 с)
[9/32] empa__ccid000062: RMSE 150.6 мВ, якорь lco_Ai2020, 268 с (всего 270 с)
[10/32] empa__ccid000069: RMSE 135.0 мВ, якорь lco_Ai2020, 260 с (всего 261 с)
[11/32] empa__ccid000079: RMSE 134.6 мВ, якорь nmc_Mohtat2020, 258 с (всего 259 с)
[12/32] empa__ccid000087: RMSE 175.8 мВ, якорь nmc811_Chen2020, 225 с (всего 226 с)
[13/32] empa__ccid000093: RMSE 169.8 мВ, якорь nmc_Mohtat2020, 238 с (всего 239 с)
[14/32] empa__ccid000099: RMSE 182.2 мВ, якорь nmc_Mohtat2020, 317 с (всего 319 с)
[15/32] empa__ccid000108: RMSE 174.2 мВ, якорь nmc_Mohtat2020, 324 с (всего 325 с)
[16/32] empa__ccid000114: RMSE 87.3 мВ, якорь nmc_Mohtat2020, 174 с (всего 175 с)
[17/32] empa__ccid000120: RMSE 88.8 мВ, якорь nmc_Mohtat2020, 225 с (всего 227 с)
[18/32] empa__ccid000126: RMSE 102.8 мВ, якорь nmc_Mohtat2020, 285 с (всего 288 с)
[19/32] empa__ccid000132: RMSE 34.3 мВ, якорь nmc811_Chen2020, 220 с (всего 222 с)
[20/32] empa__ccid000138: RMSE 106.7 мВ, якорь nmc_Mohtat2020, 112 с (всего 113 с)
[21/32] empa__ccid000144: RMSE 41.3 мВ, якорь nmc_Mohtat2020, 206 с (всего 209 с)
[22/32] empa__ccid000150: RMSE 39.7 мВ, якорь nmc_Mohtat2020, 219 с (всего 221 с)
[23/32] empa__ccid000162: RMSE 35.2 мВ, якорь nmc_Mohtat2020, 127 с (всего 129 с)
[24/32] empa__ccid000174: RMSE 44.3 мВ, якорь nmc_Mohtat2020, 119 с (всего 119 с)
[25/32] empa__ccid000193: RMSE 50.9 мВ, якорь nmc_Mohtat2020, 114 с (всего 115 с)
[26/32] empa__ccid000205: RMSE 42.5 мВ, якорь nmc811_Chen2020, 104 с (всего 105 с)
[27/32] empa__ccid000217: RMSE 42.7 мВ, якорь lfp_Prada2013, 100 с (всего 100 с)
[28/32] empa__ccid000223: RMSE 48.0 мВ, якорь lfp_Prada2013, 111 с (всего 112 с)
[29/32] empa__ccid000229: RMSE 55.8 мВ, якорь lfp_Prada2013, 109 с (всего 110 с)
[30/32] empa__ccid000235: RMSE 50.0 мВ, якорь lfp_Prada2013, 128 с (всего 129 с)
[31/32] empa__ccid000241: RMSE 67.5 мВ, якорь lfp_Prada2013, 99 с (всего 100 с)
[32/32] empa__ccid000247: RMSE 55.3 мВ, якорь lfp_Prada2013, 87 с (всего 87 с)
