шард 4/6: элементов 32 из 191
[1/32] empa__ccid000009: RMSE 70.8 мВ, якорь nmc_Mohtat2020, 245 с (всего 247 с)
[2/32] empa__ccid000017: RMSE 156.2 мВ, якорь nmc_Mohtat2020, 253 с (всего 254 с)
[3/32] empa__ccid000024: RMSE 107.5 мВ, якорь nmc_Mohtat2020, 258 с (всего 259 с)
[4/32] empa__ccid000031: RMSE 111.5 мВ, якорь nmc_Mohtat2020, 236 с (всего 237 с)
[5/32] empa__ccid000037: RMSE 70.2 мВ, якорь lfp_Prada2013, 313 с (всего 315 с)
[6/32] empa__ccid000043: RMSE 46.4 мВ, якорь lco_Ai2020, 344 с (всего 347 с)
[7/32] empa__ccid000051: RMSE 134.1 мВ, якорь lco_Ai2020, 275 с (всего 276 с)
[8/32] empa__ccid000057: RMSE 126.2 мВ, якорь lco_Ai2020, 304 с (всего 305 с)
[9/32] empa__ccid000063: RMSE 135.2 мВ, якорь lco_Ai2020, 269 с (всего 270 с)
[10/32] empa__ccid000074: RMSE 180.8 мВ, якорь nmc_Mohtat2020, 279 с (всего 280 с)
[11/32] empa__ccid000080: RMSE 77.8 мВ, якорь lco_Ai2020, 162 с (всего 163 с)
[12/32] empa__ccid000088: RMSE 165.9 мВ, якорь nmc_Mohtat2020, 240 с (всего 241 с)
[13/32] empa__ccid000094: RMSE 183.4 мВ, якорь nmc_Mohtat2020, 231 с (всего 233 с)
[14/32] empa__ccid000100: RMSE 136.0 мВ, якорь nmc_Mohtat2020, 319 с (всего 321 с)
[15/32] empa__ccid000109: RMSE 38.9 мВ, якорь nmc_Mohtat2020, 346 с (всего 348 с)
[16/32] empa__ccid000115: RMSE 56.6 мВ, якорь nmc_Mohtat2020, 179 с (всего 181 с)
[17/32] empa__ccid000121: RMSE 64.2 мВ, якорь nmc_Mohtat2020, 243 с (всего 244 с)
[18/32] empa__ccid000127: RMSE 27.7 мВ, якорь nmc811_Chen2020, 283 с (всего 285 с)
[19/32] empa__ccid000133: RMSE 68.3 мВ, якорь nmc_Mohtat2020, 209 с (всего 211 с)
[20/32] empa__ccid000139: RMSE 124.2 мВ, якорь nmc_Mohtat2020, 125 с (всего 128 с)
[21/32] empa__ccid000145: RMSE 56.1 мВ, якорь nmc_Mohtat2020, 220 с (всего 222 с)
[22/32] empa__ccid000157: RMSE 67.0 мВ, якорь nmc_Mohtat2020, 217 с (всего 219 с)
[23/32] empa__ccid000169: RMSE 85.5 мВ, якорь nmc_Mohtat2020, 118 с (всего 120 с)
[24/32] empa__ccid000181: RMSE 67.4 мВ, якорь nmc811_Chen2020, 132 с (всего 133 с)
[25/32] empa__ccid000194: RMSE 30.3 мВ, якорь nmc_Mohtat2020, 110 с (всего 111 с)
[26/32] empa__ccid000206: RMSE 60.8 мВ, якорь nmc811_Chen2020, 106 с (всего 107 с)
[27/32] empa__ccid000218: RMSE 49.1 мВ, якорь lfp_Prada2013, 109 с (всего 110 с)
[28/32] empa__ccid000224: RMSE 57.0 мВ, якорь lfp_Prada2013, 105 с (всего 106 с)
[29/32] empa__ccid000230: RMSE 59.6 мВ, якорь lfp_Prada2013, 128 с (всего 129 с)
[30/32] empa__ccid000236: RMSE 56.3 мВ, якорь lfp_Prada2013, 121 с (всего 122 с)
[31/32] empa__ccid000242: RMSE 58.5 мВ, якорь lfp_Prada2013, 97 с (всего 98 с)
[32/32] empa__ccid000249: RMSE 53.3 мВ, якорь lfp_Prada2013, 65 с (всего 65 с)
