шард 2/6: элементов 32 из 191
[1/32] empa__ccid000004: RMSE 64.4 мВ, якорь nmc811_Chen2020, 244 с (всего 246 с)
[2/32] empa__ccid000015: RMSE 78.5 мВ, якорь nmc_Mohtat2020, 251 с (всего 251 с)
[3/32] empa__ccid000022: RMSE 120.8 мВ, якорь nmc_Mohtat2020, 262 с (всего 263 с)
[4/32] empa__ccid000029: RMSE 121.2 мВ, якорь nmc_Mohtat2020, 236 с (всего 237 с)
[5/32] empa__ccid000035: RMSE 61.5 мВ, якорь nmc_Mohtat2020, 326 с (всего 329 с)
[6/32] empa__ccid000041: RMSE 63.8 мВ, якорь lfp_Prada2013, 335 с (всего 337 с)
[7/32] empa__ccid000049: RMSE 184.0 мВ, якорь lco_Ai2020, 265 с (всего 267 с)
[8/32] empa__ccid000055: RMSE 118.1 мВ, якорь lco_Ai2020, 303 с (всего 304 с)
[9/32] empa__ccid000061: RMSE 146.3 мВ, якорь lco_Ai2020, 267 с (всего 268 с)
[10/32] empa__ccid000068: RMSE 164.3 мВ, якорь lco_Ai2020, 268 с (всего 269 с)
[11/32] empa__ccid000078: RMSE 150.9 мВ, якорь nmc_Mohtat2020, 260 с (всего 262 с)
[12/32] empa__ccid000085: RMSE 161.1 мВ, якорь nmc_Mohtat2020, 227 с (всего 229 с)
[13/32] empa__ccid000092: RMSE 179.8 мВ, якорь nmc_Mohtat2020, 243 с (всего 244 с)
[14/32] empa__ccid000098: RMSE 170.8 мВ, якорь nmc_Mohtat2020, 342 с (всего 343 с)
[15/32] empa__ccid000107: RMSE 148.1 мВ, якорь nmc_Mohtat2020, 277 с (всего 278 с)
[16/32] empa__ccid000113: RMSE 32.2 мВ, якорь nmc811_Chen2020, 181 с (всего 182 с)
[17/32] empa__ccid000119: RMSE 44.4 мВ, якорь nmc_Mohtat2020, 272 с (всего 274 с)
[18/32] empa__ccid000125: RMSE 143.9 мВ, якорь nmc_Mohtat2020, 285 с (всего 289 с)
[19/32] empa__ccid000131: RMSE 86.4 мВ, якорь nmc_Mohtat2020, 166 с (всего 169 с)
[20/32] empa__ccid000137: RMSE 83.8 мВ, якорь nmc_Mohtat2020, 123 с (всего 123 с)
[21/32] empa__ccid000143: RMSE 141.3 мВ, якорь nmc_Mohtat2020, 241 с (всего 243 с)
[22/32] empa__ccid000149: RMSE 37.0 мВ, якорь nmc_Mohtat2020, 194 с (всего 196 с)
[23/32] empa__ccid000161: RMSE 67.3 мВ, якорь nmc_Mohtat2020, 114 с (всего 115 с)
[24/32] empa__ccid000173: RMSE 44.2 мВ, якорь nmc_Mohtat2020, 124 с (всего 125 с)
[25/32] empa__ccid000186: RMSE 57.4 мВ, якорь nmc811_Chen2020, 111 с (всего 111 с)
[26/32] empa__ccid000198: RMSE 37.8 мВ, якорь nmc_Mohtat2020, 99 с (всего 100 с)
[27/32] empa__ccid000210: RMSE 45.1 мВ, якорь nmc_Mohtat2020, 105 с (всего 106 с)
[28/32] empa__ccid000222: RMSE 44.3 мВ, якорь lfp_Prada2013, 105 с (всего 106 с)
[29/32] empa__ccid000228: RMSE 46.7 мВ, якорь lfp_Prada2013, 125 с (всего 126 с)
[30/32] empa__ccid000234: RMSE 74.5 мВ, якорь lfp_Prada2013, 122 с (всего 123 с)
[31/32] empa__ccid000240: RMSE 79.0 мВ, якорь lfp_Prada2013, 97 с (всего 98 с)
[32/32] empa__ccid000246: RMSE 40.9 мВ, якорь lfp_Prada2013, 70 с (всего 71 с)
