шард 0/6: элементов 32 из 191
[1/32] empa__ccid000002: RMSE 54.8 мВ, якорь nmc_Mohtat2020, 247 с (всего 249 с)
[2/32] empa__ccid000012: RMSE 113.3 мВ, якорь nmc_Mohtat2020, 255 с (всего 257 с)
[3/32] empa__ccid000020: RMSE 114.4 мВ, якорь nmc_Mohtat2020, 267 с (всего 268 с)
[4/32] empa__ccid000026: RMSE 110.8 мВ, якорь nmc_Mohtat2020, 257 с (всего 258 с)
[5/32] empa__ccid000033: RMSE 136.1 мВ, якорь nmc_Mohtat2020, 299 с (всего 302 с)
[6/32] empa__ccid000039: RMSE 72.8 мВ, якорь lfp_Prada2013, 334 с (всего 336 с)
[7/32] empa__ccid000046: RMSE 211.5 мВ, якорь lco_Ai2020, 285 с (всего 287 с)
[8/32] empa__ccid000053: RMSE 151.8 мВ, якорь lco_Ai2020, 301 с (всего 304 с)
[9/32] empa__ccid000059: RMSE 126.6 мВ, якорь lco_Ai2020, 285 с (всего 287 с)
[10/32] empa__ccid000065: RMSE 142.3 мВ, якорь lco_Ai2020, 275 с (всего 276 с)
[11/32] empa__ccid000076: RMSE 134.7 мВ, якорь nmc_Mohtat2020, 246 с (всего 248 с)
[12/32] empa__ccid000082: RMSE 139.5 мВ, якорь nmc_Mohtat2020, 227 с (всего 228 с)
[13/32] empa__ccid000090: RMSE 66.8 мВ, якорь nmc_Mohtat2020, 155 с (всего 156 с)
[14/32] empa__ccid000096: RMSE 170.3 мВ, якорь nmc_Mohtat2020, 329 с (всего 331 с)
[15/32] empa__ccid000104: RMSE 164.3 мВ, якорь nmc_Mohtat2020, 322 с (всего 325 с)
[16/32] empa__ccid000111: RMSE 32.3 мВ, якорь nmc_Mohtat2020, 182 с (всего 184 с)
[17/32] empa__ccid000117: RMSE 63.0 мВ, якорь nmc811_Chen2020, 258 с (всего 260 с)
[18/32] empa__ccid000123: RMSE 92.0 мВ, якорь nmc_Mohtat2020, 293 с (всего 296 с)
[19/32] empa__ccid000129: RMSE 79.9 мВ, якорь nmc_Mohtat2020, 185 с (всего 188 с)
[20/32] empa__ccid000135: RMSE 59.4 мВ, якорь lco_Ai2020, 125 с (всего 126 с)
[21/32] empa__ccid000141: RMSE 136.7 мВ, якорь nmc_Mohtat2020, 246 с (всего 247 с)
[22/32] empa__ccid000147: RMSE 42.0 мВ, якорь nmc_Mohtat2020, 195 с (всего 197 с)
[23/32] empa__ccid000159: RMSE 37.6 мВ, якорь nmc_Mohtat2020, 124 с (всего 124 с)
[24/32] empa__ccid000171: RMSE 100.4 мВ, якорь nmc_Mohtat2020, 130 с (всего 130 с)
[25/32] empa__ccid000183: RMSE 49.0 мВ, якорь nmc811_Chen2020, 112 с (всего 113 с)
[26/32] empa__ccid000196: RMSE 30.9 мВ, якорь nmc811_Chen2020, 103 с (всего 104 с)
[27/32] empa__ccid000208: RMSE 44.0 мВ, якорь nmc_Mohtat2020, 106 с (всего 107 с)
[28/32] empa__ccid000220: RMSE 46.5 мВ, якорь lfp_Prada2013, 111 с (всего 112 с)
[29/32] empa__ccid000226: RMSE 54.6 мВ, якорь lfp_Prada2013, 126 с (всего 127 с)
[30/32] empa__ccid000232: RMSE 61.2 мВ, якорь lfp_Prada2013, 119 с (всего 120 с)
[31/32] empa__ccid000238: RMSE 56.4 мВ, якорь lfp_Prada2013, 95 с (всего 96 с)
[32/32] empa__ccid000244: RMSE 59.1 мВ, якорь lfp_Prada2013, 57 с (всего 57 с)
