шард 1/6: элементов 32 из 191
[1/32] empa__ccid000003: RMSE 60.6 мВ, якорь nmc_Mohtat2020, 238 с (всего 240 с)
[2/32] empa__ccid000014: RMSE 66.1 мВ, якорь nmc_Mohtat2020, 245 с (всего 247 с)
[3/32] empa__ccid000021: RMSE 101.4 мВ, якорь nmc_Mohtat2020, 263 с (всего 265 с)
[4/32] empa__ccid000027: RMSE 139.2 мВ, якорь nmc_Mohtat2020, 229 с (всего 229 с)
[5/32] empa__ccid000034: RMSE 136.8 мВ, якорь nmc_Mohtat2020, 275 с (всего 277 с)
[6/32] empa__ccid000040: RMSE 88.3 мВ, якорь lfp_Prada2013, 366 с (всего 368 с)
[7/32] empa__ccid000048: RMSE 180.9 мВ, якорь lfp_Prada2013, 259 с (всего 260 с)
[8/32] empa__ccid000054: RMSE 133.7 мВ, якорь lco_Ai2020, 285 с (всего 288 с)
[9/32] empa__ccid000060: RMSE 117.1 мВ, якорь lco_Ai2020, 280 с (всего 282 с)
[10/32] empa__ccid000067: RMSE 133.4 мВ, якорь lco_Ai2020, 260 с (всего 261 с)
[11/32] empa__ccid000077: RMSE 123.8 мВ, якорь lco_Ai2020, 268 с (всего 270 с)
[12/32] empa__ccid000083: RMSE 157.8 мВ, якорь nmc_Mohtat2020, 226 с (всего 228 с)
[13/32] empa__ccid000091: RMSE 162.7 мВ, якорь nmc_Mohtat2020, 229 с (всего 230 с)
[14/32] empa__ccid000097: RMSE 109.0 мВ, якорь nmc_Mohtat2020, 309 с (всего 310 с)
[15/32] empa__ccid000106: RMSE 177.4 мВ, якорь nmc_Mohtat2020, 340 с (всего 341 с)
[16/32] empa__ccid000112: RMSE 27.8 мВ, якорь nmc811_Chen2020, 174 с (всего 176 с)
[17/32] empa__ccid000118: RMSE 36.4 мВ, якорь nmc811_Chen2020, 223 с (всего 225 с)
[18/32] empa__ccid000124: RMSE 72.7 мВ, якорь nmc_Mohtat2020, 286 с (всего 290 с)
[19/32] empa__ccid000130: RMSE 126.9 мВ, якорь nmc_Mohtat2020, 218 с (всего 220 с)
[20/32] empa__ccid000136: RMSE 93.5 мВ, якорь nmc_Mohtat2020, 113 с (всего 114 с)
[21/32] empa__ccid000142: RMSE 68.3 мВ, якорь nmc_Mohtat2020, 209 с (всего 211 с)
[22/32] empa__ccid000148: RMSE 42.5 мВ, якорь nmc_Mohtat2020, 222 с (всего 224 с)
[23/32] empa__ccid000160: RMSE 38.3 мВ, якорь nmc_Mohtat2020, 124 с (всего 125 с)
[24/32] empa__ccid000172: RMSE 40.8 мВ, якорь nmc_Mohtat2020, 125 с (всего 125 с)
[25/32] empa__ccid000184: RMSE 38.6 мВ, якорь nmc811_Chen2020, 113 с (всего 114 с)
[26/32] empa__ccid000197: RMSE 37.7 мВ, якорь nmc_Mohtat2020, 101 с (всего 102 с)
[27/32] empa__ccid000209: RMSE 39.5 мВ, якорь nmc_Mohtat2020, 96 с (всего 97 с)
[28/32] empa__ccid000221: RMSE 46.4 мВ, якорь lfp_Prada2013, 110 с (всего 111 с)
[29/32] empa__ccid000227: RMSE 52.8 мВ, якорь lfp_Prada2013, 110 с (всего 111 с)
[30/32] empa__ccid000233: RMSE 55.6 мВ, якорь lfp_Prada2013, 128 с (всего 130 с)
[31/32] empa__ccid000239: RMSE 54.8 мВ, якорь lfp_Prada2013, 100 с (всего 100 с)
[32/32] empa__ccid000245: RMSE 51.9 мВ, якорь lfp_Prada2013, 87 с (всего 87 с)
