шард 5/6: элементов 31 из 191
[1/31] empa__ccid000010: RMSE 77.8 мВ, якорь nmc_Mohtat2020, 237 с (всего 240 с)
[2/31] empa__ccid000019: RMSE 108.4 мВ, якорь nmc_Mohtat2020, 245 с (всего 247 с)
[3/31] empa__ccid000025: RMSE 102.6 мВ, якорь nmc_Mohtat2020, 263 с (всего 265 с)
[4/31] empa__ccid000032: RMSE 113.1 мВ, якорь nmc_Mohtat2020, 228 с (всего 229 с)
[5/31] empa__ccid000038: RMSE 50.8 мВ, якорь lco_Ai2020, 290 с (всего 292 с)
[6/31] empa__ccid000044: RMSE 85.1 мВ, якорь lfp_Prada2013, 363 с (всего 365 с)
[7/31] empa__ccid000052: RMSE 169.9 мВ, якорь lfp_Prada2013, 257 с (всего 259 с)
[8/31] empa__ccid000058: RMSE 107.8 мВ, якорь lco_Ai2020, 292 с (всего 293 с)
[9/31] empa__ccid000064: RMSE 207.5 мВ, якорь lco_Ai2020, 267 с (всего 268 с)
[10/31] empa__ccid000075: RMSE 271.1 мВ, якорь lco_Ai2020, 273 с (всего 276 с)
[11/31] empa__ccid000081: RMSE 161.4 мВ, якорь nmc_Mohtat2020, 258 с (всего 259 с)
[12/31] empa__ccid000089: RMSE 166.3 мВ, якорь nmc_Mohtat2020, 224 с (всего 225 с)
[13/31] empa__ccid000095: RMSE 147.8 мВ, якорь nmc_Mohtat2020, 232 с (всего 233 с)
[14/31] empa__ccid000101: RMSE 92.9 мВ, якорь nmc_Mohtat2020, 181 с (всего 182 с)
[15/31] empa__ccid000110: RMSE 26.2 мВ, якорь nmc811_Chen2020, 349 с (всего 351 с)
[16/31] empa__ccid000116: RMSE 62.4 мВ, якорь nmc_Mohtat2020, 223 с (всего 225 с)
[17/31] empa__ccid000122: RMSE 29.8 мВ, якорь nmc811_Chen2020, 206 с (всего 207 с)
[18/31] empa__ccid000128: RMSE 29.1 мВ, якорь nmc_Mohtat2020, 284 с (всего 286 с)
[19/31] empa__ccid000134: RMSE 64.3 мВ, якорь nmc_Mohtat2020, 264 с (всего 265 с)
[20/31] empa__ccid000140: RMSE 29.8 мВ, якорь nmc811_Chen2020, 116 с (всего 117 с)
[21/31] empa__ccid000146: RMSE 46.7 мВ, якорь nmc_Mohtat2020, 142 с (всего 143 с)
[22/31] empa__ccid000158: RMSE 75.1 мВ, якорь nmc_Mohtat2020, 260 с (всего 263 с)
[23/31] empa__ccid000170: RMSE 43.7 мВ, якорь nmc_Mohtat2020, 148 с (всего 150 с)
[24/31] empa__ccid000182: RMSE 49.8 мВ, якорь nmc811_Chen2020, 118 с (всего 119 с)
[25/31] empa__ccid000195: RMSE 34.4 мВ, якорь nmc_Mohtat2020, 119 с (всего 119 с)
[26/31] empa__ccid000207: RMSE 48.5 мВ, якорь nmc_Mohtat2020, 107 с (всего 108 с)
[27/31] empa__ccid000219: RMSE 44.3 мВ, якорь lfp_Prada2013, 99 с (всего 100 с)
[28/31] empa__ccid000225: RMSE 49.7 мВ, якорь lfp_Prada2013, 108 с (всего 109 с)
[29/31] empa__ccid000231: RMSE 57.1 мВ, якорь lfp_Prada2013, 105 с (всего 106 с)
[30/31] empa__ccid000237: RMSE 57.6 мВ, якорь lfp_Prada2013, 121 с (всего 122 с)
[31/31] empa__ccid000243: RMSE 58.9 мВ, якорь lfp_Prada2013, 115 с (всего 116 с)
